// Jest Snapshot v1, https://goo.gl/fbAQLP

exports[`Weather Page Component should render 1`] = `
<div
  class="sc-AxjAm jFllak"
>
  <h2
    class="sc-AxirZ jCgDWR"
  >
    Current Weather
  </h2>
  <h3
    data-testid="loading"
  >
    Loading...
  </h3>
  
  <p>
    Change location:
  </p>
  <form
    class="sc-AxiKw bhiawi"
  >
    <label
      class="sc-AxhCb fmuXyx"
      for="cityInput"
    >
      <input
        class="sc-AxgMl eaiYi"
        name="city"
        placeholder="Enter city"
        type="text"
      />
    </label>
    <label
      class="sc-AxhCb fmuXyx"
      for="countryInput"
    >
      <input
        class="sc-AxgMl eaiYi"
        name="country"
        placeholder="Enter country"
        type="text"
      />
    </label>
    <label
      class="sc-AxhUy enhySx"
      for="unitInput"
    >
      <input
        checked=""
        name="units"
        type="radio"
        value="metric"
      />
      Celsius
    </label>
    <label
      class="sc-AxhUy enhySx"
      for="unitInput"
    >
      <input
        name="units"
        type="radio"
        value="imperial"
      />
      Fahrenheit
    </label>
    <button
      class="sc-AxheI fzLXlG"
      type="button"
    >
      Get Weather
    </button>
  </form>
</div>
`;
