// Jest Snapshot v1, https://goo.gl/fbAQLP

exports[`Pills Component should render 1`] = `
<ul
  class="sc-bdnylx ghfpFB"
>
  <li
    class="sc-gtssRu bqqzki"
  >
    react
  </li>
  <li
    class="sc-gtssRu bqqzki"
  >
    styled-components
  </li>
  <li
    class="sc-gtssRu bqqzki"
  >
    jest
  </li>
  <li
    class="sc-gtssRu bqqzki"
  >
    react-testing-library
  </li>
</ul>
`;
