// Jest Snapshot v1, https://goo.gl/fbAQLP

exports[`Weather Tracker Component should render 1`] = `
<div
  class="sc-AxjAm iehzaf"
  data-testid="weatherTracker"
>
  <img
    alt="sunny"
    class="sc-AxirZ bxhEMV"
    height="auto"
    src="clearDay.png"
    width="250px"
  />
  <table
    class="sc-AxiKw hwcIqX"
  >
    <tbody>
      <tr>
        <th
          class="sc-AxhCb jRGsGb"
        >
          Current Date:
        </th>
        <td
          class="sc-AxhUy kdhlSK"
        >
          8/29/2020
        </td>
      </tr>
      <tr>
        <th
          class="sc-AxhCb jRGsGb"
        >
          Time of Weather:
        </th>
        <td
          class="sc-AxhUy kdhlSK"
        >
          12:07:09 AM
        </td>
      </tr>
      <tr>
        <th
          class="sc-AxhCb jRGsGb"
        >
          Location:
        </th>
        <td
          class="sc-AxhUy kdhlSK"
        >
          London
          , 
          England
        </td>
      </tr>
      <tr>
        <th
          class="sc-AxhCb jRGsGb"
        >
          Current Temperature:
        </th>
        <td
          class="sc-AxhUy kdhlSK"
        >
          34
          °
        </td>
      </tr>
      <tr>
        <th
          class="sc-AxhCb jRGsGb"
        >
          Feels like:
        </th>
        <td
          class="sc-AxhUy kdhlSK"
        >
          36
          °
        </td>
      </tr>
      <tr>
        <th
          class="sc-AxhCb jRGsGb"
        >
          Forecast:
        </th>
        <td
          class="sc-AxhUy kdhlSK"
        >
          clear sky
        </td>
      </tr>
      <tr>
        <th
          class="sc-AxhCb jRGsGb"
        >
          Wind speed:
        </th>
        <td
          class="sc-AxhUy kdhlSK"
        >
          1
        </td>
      </tr>
    </tbody>
  </table>
</div>
`;
