// Jest Snapshot v1, https://goo.gl/fbAQLP

exports[`User Card component should render 1`] = `
<div
  class="sc-AxjAm ckPHgQ"
>
  <div>
    <table>
      <tbody>
        <tr>
          <th>
            Name:
          </th>
          <td>
            usernameTest
          </td>
        </tr>
        <tr>
          <th>
            Email:
          </th>
          <td>
            test@gmail.com
          </td>
        </tr>
        <tr>
          <th>
            Age:
          </th>
          <td>
            25
          </td>
        </tr>
      </tbody>
    </table>
    <span
      class="sc-AxiKw cZpmuP"
    >
      <button
        class="sc-AxhCb jtyclr"
        type="button"
      >
        Edit
      </button>
      <button
        class="sc-AxhCb jtyclr"
        type="button"
      >
        Delete
      </button>
    </span>
  </div>
</div>
`;
