// Jest Snapshot v1, https://goo.gl/fbAQLP

exports[`User Card component should render 1`] = `
<div
  class="sc-AxjAm ckPHgQ"
>
  <ul
    class="sc-AxhUy CnrnL"
  >
    <li>
      Name: 
      usernameTest
    </li>
    <li>
      Email: 
      test@gmail.com
    </li>
    <li>
      Age: 
      25
    </li>
  </ul>
  <span
    class="sc-AxiKw cZpmuP"
  >
    <button
      class="sc-AxhCb jtyclr"
      type="submit"
    >
      Submit
    </button>
    <button
      class="sc-AxhCb jtyclr"
      type="button"
    >
      Edit
    </button>
    <button
      class="sc-AxhCb jtyclr"
      type="button"
    >
      X
    </button>
  </span>
</div>
`;
