// Jest Snapshot v1, https://goo.gl/fbAQLP

exports[`Header component should render 1`] = `
<header
  class="sc-bdnylx iHpMwu"
>
  <h1
    class="sc-gtssRu fBCOod"
  >
    Andy Huynh
  </h1>
  <div
    class="sc-dlnjPT iqTQWy"
  >
    <a
      aria-current="page"
      class="sc-hKFyIo bqbGzb active"
      href="/"
    >
      home
    </a>
    <a
      class="sc-hKFyIo bqbGzb"
      href="/cv"
    >
      cv
    </a>
    <a
      class="sc-eCApGN hQRkCD"
      href="https://github.com/andy-h1"
      target="_blank"
    >
      <img
        alt="github"
        class="sc-jSFkmK eXLFQa"
        src="github.png"
      />
    </a>
    <a
      class="sc-eCApGN hQRkCD"
      href="https://twitter.com/andyh_1_"
      target="_blank"
    >
      <img
        alt="twitter"
        class="sc-jSFkmK eXLFQa"
        src="twitter.svg"
      />
    </a>
    <a
      class="sc-eCApGN hQRkCD"
      href="https://www.linkedin.com/in/andyhuynh1/"
      target="_blank"
    >
      <img
        alt="linkedin"
        class="sc-jSFkmK eXLFQa"
        src="linkedin.png"
      />
    </a>
  </div>
</header>
`;
