// Jest Snapshot v1, https://goo.gl/fbAQLP

exports[`Form Component should render 1`] = `
<div>
  <h2>
    Sign Up Form
  </h2>
  <form
    class="sc-AxjAm fZqwlG"
  >
    <label
      for="name"
    >
      Name:
      <input
        id="name"
        name=""
        placeholder="John Doe"
        required=""
        type="text"
      />
    </label>
    <label
      for="age"
    >
      Age:
      <input
        id="age"
        max="60"
        min="18"
        name=""
        placeholder="25"
        type="number"
      />
    </label>
    <label
      for="email"
    >
      Email:
      <input
        id="email"
        name=""
        placeholder="johndoe@gmail.com"
        type="email"
      />
    </label>
    <label
      for="password"
    >
      Password:
      <input
        id="password"
        name=""
        placeholder="******"
        type="password"
      />
    </label>
    <button
      type="submit"
    >
      Register
    </button>
  </form>
</div>
`;
