// Jest Snapshot v1, https://goo.gl/fbAQLP

exports[`App component should render 1`] = `
<div
  class="sc-ckTRkR kQYlEg"
>
  <button
    class="sc-bdnylx fhaOQb"
  >
    <div
      class="sc-gtssRu dvwCCx"
    />
    <div
      class="sc-gtssRu dvwCCx"
    />
    <div
      class="sc-gtssRu dvwCCx"
    />
  </button>
  <header
    class="sc-dlnjPT iuSVaX"
  >
    <h1
      class="sc-hKFyIo dHceLb"
    >
      Andy Huynh
    </h1>
    <div
      class="sc-eCApGN kGwbKU"
    >
      <a
        aria-current="page"
        class="sc-jSFkmK kwtpuD active"
        href="/"
      >
        home
      </a>
      <a
        class="sc-gKAblj iEODos"
        href="https://github.com/andy-h1"
        target="_blank"
      >
        <img
          alt="github"
          class="sc-iCoHVE wNOcm"
          src="github.png"
        />
      </a>
      <a
        class="sc-gKAblj iEODos"
        href="https://twitter.com/andyh_1_"
        target="_blank"
      >
        <img
          alt="twitter"
          class="sc-iCoHVE wNOcm"
          src="twitter.svg"
        />
      </a>
      <a
        class="sc-gKAblj iEODos"
        href="https://www.linkedin.com/in/andyhuynh1/"
        target="_blank"
      >
        <img
          alt="linkedin"
          class="sc-iCoHVE wNOcm"
          src="linkedin.png"
        />
      </a>
    </div>
  </header>
  <div
    class="sc-hHEjAm bUSKwg"
  >
    <div
      class="sc-iemXMA kxZpPc"
    >
      <img
        alt="andy"
        class="sc-dIvqjp cDjTpv"
        src="profile.jpg"
      />
      <a
        download="Andy Huynh CV"
        href="Andy-Huynh-CV.pdf"
      >
        <button
          class="sc-kfYqjs dUfdza"
          type="button"
        >
          Download CV
        </button>
      </a>
      <p
        class="sc-dlMBXb lfqnJx"
      >
        I am a Front End Developer that loves JS, User Experience, and animations. I am currently looking into TypeScript, GraphQL, Cypress.
      </p>
      <p
        class="sc-dlMBXb lfqnJx"
      >
        I am currently learning new technologies and will be using this website as a playground to demonstrate what I've learnt so far.
      </p>
    </div>
    <div
      class="sc-fujyUd ipGHUN"
    >
      <h2
        class="sc-pNWxx faRwUr"
      >
        Projects
      </h2>
      <a
        class="sc-jrsJCI dgAyHp"
        href="https://pandy-idea-board.netlify.app/"
        target="_blank"
      >
        <div
          class="sc-iqAbSa fFKDyZ"
        >
          <h3
            class="sc-crzoUp kGOODc"
          >
            ClearScore Tech Test
          </h3>
          <p
            class="sc-dIsAE GjRYQ"
          >
            The idea board was built with React and Styled-components. LocalStorage was used for the storage of the data on the web browser and I used useContext for global state management.
          </p>
          <div
            class="sc-bqGHjH bKucFy"
          >
            <ul
              class="sc-fFSRdu vbbxg"
            >
              <li
                class="sc-bkbjAj kKcwrp"
              >
                react
              </li>
              <li
                class="sc-bkbjAj kKcwrp"
              >
                styled-components
              </li>
              <li
                class="sc-bkbjAj kKcwrp"
              >
                localStorage API
              </li>
              <li
                class="sc-bkbjAj kKcwrp"
              >
                react-hooks
              </li>
              <li
                class="sc-bkbjAj kKcwrp"
              >
                jest
              </li>
              <li
                class="sc-bkbjAj kKcwrp"
              >
                react-testing-library
              </li>
            </ul>
          </div>
          <span
            class="sc-ksluoS eXizVb"
          >
            <img
              alt="ideaBoard"
              class="sc-fnVYJo jsZjIV"
              src="ideaBoardImage.png"
            />
          </span>
        </div>
      </a>
      <a
        class="sc-kEqYlL bLLbWE"
        href="/Form"
      >
        <div
          class="sc-iqAbSa fFKDyZ"
        >
          <h3
            class="sc-crzoUp kGOODc"
          >
            Sign-Up Form
          </h3>
          <p
            class="sc-dIsAE GjRYQ"
          >
            I built this demo sign-up form, hooking the data entries to Firebase's cloud-based database - Firestore. It is built with React, Firebase and styled-components.
          </p>
          <div
            class="sc-bqGHjH bKucFy"
          >
            <ul
              class="sc-fFSRdu vbbxg"
            >
              <li
                class="sc-bkbjAj kKcwrp"
              >
                react
              </li>
              <li
                class="sc-bkbjAj kKcwrp"
              >
                react-hooks
              </li>
              <li
                class="sc-bkbjAj kKcwrp"
              >
                styled-components
              </li>
              <li
                class="sc-bkbjAj kKcwrp"
              >
                jest
              </li>
              <li
                class="sc-bkbjAj kKcwrp"
              >
                react-testing-library
              </li>
            </ul>
          </div>
          <span
            class="sc-ksluoS eXizVb"
          >
            <img
              alt="form"
              class="sc-fnVYJo jsZjIV"
              src="formImage.png"
            />
          </span>
        </div>
      </a>
      <a
        class="sc-kEqYlL bLLbWE"
        href="/weather"
      >
        <div
          class="sc-iqAbSa fFKDyZ"
        >
          <h3
            class="sc-crzoUp kGOODc"
          >
            Weather App
          </h3>
          <p
            class="sc-dIsAE GjRYQ"
          >
            I built this weather app using OpenWeatherMap API to get the current weather data in your location. It is built with React using styled-components.
          </p>
          <div
            class="sc-bqGHjH bKucFy"
          >
            <ul
              class="sc-fFSRdu vbbxg"
            >
              <li
                class="sc-bkbjAj kKcwrp"
              >
                react
              </li>
              <li
                class="sc-bkbjAj kKcwrp"
              >
                react-hooks
              </li>
              <li
                class="sc-bkbjAj kKcwrp"
              >
                styled-components
              </li>
              <li
                class="sc-bkbjAj kKcwrp"
              >
                jest
              </li>
              <li
                class="sc-bkbjAj kKcwrp"
              >
                react-testing-library
              </li>
            </ul>
          </div>
          <span
            class="sc-ksluoS eXizVb"
          >
            <img
              alt="cloudy"
              class="sc-hBMVcZ iSKYEH"
              src="lightCloudsDay.png"
            />
          </span>
        </div>
      </a>
    </div>
  </div>
</div>
`;
