// Jest Snapshot v1, https://goo.gl/fbAQLP

exports[`App component should render 1`] = `
<div
  class="sc-lbVuaH cdLNTG"
>
  <button
    class="sc-bdnylx fhaOQb"
  >
    <div
      class="sc-gtssRu dvwCCx"
    />
    <div
      class="sc-gtssRu dvwCCx"
    />
    <div
      class="sc-gtssRu dvwCCx"
    />
  </button>
  <header
    class="sc-dlnjPT iuSVaX"
  >
    <h1
      class="sc-hKFyIo dHceLb"
    >
      Andy Huynh
    </h1>
    <div
      class="sc-eCApGN kGwbKU"
    >
      <a
        aria-current="page"
        class="sc-jSFkmK kwtpuD active"
        href="/"
      >
        home
      </a>
      <a
        class="sc-jSFkmK kwtpuD"
        href="/cv"
      >
        cv
      </a>
      <a
        class="sc-gKAblj iEODos"
        href="https://github.com/andy-h1"
        target="_blank"
      >
        <img
          alt="github"
          class="sc-iCoHVE wNOcm"
          src="github.png"
        />
      </a>
      <a
        class="sc-gKAblj iEODos"
        href="https://twitter.com/andyh_1_"
        target="_blank"
      >
        <img
          alt="twitter"
          class="sc-iCoHVE wNOcm"
          src="twitter.svg"
        />
      </a>
      <a
        class="sc-gKAblj iEODos"
        href="https://www.linkedin.com/in/andyhuynh1/"
        target="_blank"
      >
        <img
          alt="linkedin"
          class="sc-iCoHVE wNOcm"
          src="linkedin.png"
        />
      </a>
    </div>
  </header>
  <div
    class="sc-dIvqjp dSvCyT"
  >
    <div
      class="sc-bkbjAj fKVdyW"
    >
      <img
        alt="andy"
        class="sc-iemXMA fMTCTw"
        src="profile.jpg"
      />
      <p
        class="sc-hHEjAm fqIetl"
      >
        Hey! Welcome to my website that I've built in React. Currently I am working as a tech recruiter at Deliveroo but hoping to create enough React projects to make the move over to becoming a dev.
      </p>
      <p
        class="sc-hHEjAm fqIetl"
      >
        I've had a very fruitful career so far, coming from a nursing background to becoming a recruiter and now looking to make my final move over to development where my interests lies. My end goal is to build something useful for the healthcare sector but in the meantime I'm honing my skills in everything front-end.
      </p>
    </div>
    <div
      class="sc-fujyUd ipGHUN"
    >
      <h2
        class="sc-pNWxx faRwUr"
      >
        Projects
      </h2>
      <a
        class="sc-jrsJCI dgAyHp"
        href="/weather"
      >
        <div
          class="sc-kEqYlL ervuLO"
        >
          <h3
            class="sc-iqAbSa cunNMg"
          >
            Weather App
          </h3>
          <p
            class="sc-crzoUp jMuGfv"
          >
            I built this weather app using OpenWeatherMap API to get the current weather data in your location. It has been built with React using styled-components.
          </p>
          <div
            class="sc-dIsAE bugEte"
          >
            <ul
              class="sc-fnVYJo byjQlu"
            >
              <li
                class="sc-fFSRdu HqOmu"
              >
                react
              </li>
              <li
                class="sc-fFSRdu HqOmu"
              >
                styled-components
              </li>
              <li
                class="sc-fFSRdu HqOmu"
              >
                jest
              </li>
              <li
                class="sc-fFSRdu HqOmu"
              >
                react-testing-library
              </li>
            </ul>
          </div>
          <span
            class="sc-bqGHjH jpsGHQ"
          >
            <img
              alt="cloudy"
              class="sc-ksluoS gAUkdW"
              src="lightCloudsDay.png"
            />
          </span>
        </div>
      </a>
      <a
        class="sc-jrsJCI dgAyHp"
        href="/Form"
      >
        <div
          class="sc-kEqYlL ervuLO"
        >
          <h3
            class="sc-iqAbSa cunNMg"
          >
            Sign-Up Form
          </h3>
          <p
            class="sc-crzoUp jMuGfv"
          >
            I built this demo sign-up form, hooking the data entries to Firebase's cloud-based database - Firestore. It has been built with React, Firebase and styled-components.
          </p>
          <div
            class="sc-dIsAE bugEte"
          >
            <ul
              class="sc-fnVYJo byjQlu"
            >
              <li
                class="sc-fFSRdu HqOmu"
              >
                react
              </li>
              <li
                class="sc-fFSRdu HqOmu"
              >
                styled-components
              </li>
              <li
                class="sc-fFSRdu HqOmu"
              >
                jest
              </li>
              <li
                class="sc-fFSRdu HqOmu"
              >
                react-testing-library
              </li>
            </ul>
          </div>
          <span
            class="sc-bqGHjH jpsGHQ"
          >
            <img
              alt="form"
              class="sc-hBMVcZ hbFSdX"
              src="formImage.png"
            />
          </span>
        </div>
      </a>
    </div>
  </div>
</div>
`;
