// Jest Snapshot v1, https://goo.gl/fbAQLP

exports[`App component should render 1`] = `
<div
  class="sc-fzoJus fHrIUG"
>
  <button
    class="sc-AxjAm hChaqK"
  >
    <div
      class="sc-AxirZ enBJRq"
    />
    <div
      class="sc-AxirZ enBJRq"
    />
    <div
      class="sc-AxirZ enBJRq"
    />
  </button>
  <header
    class="sc-AxiKw duZGhg"
  >
    <h1
      class="sc-AxhCb bBQABS"
    >
      Andy Huynh
    </h1>
    <div
      class="sc-AxhUy fCHwoI"
    >
      <a
        aria-current="page"
        class="sc-AxgMl kKEAbt active"
        href="/"
      >
        home
      </a>
      <a
        class="sc-AxgMl kKEAbt"
        href="/cv"
      >
        cv
      </a>
      <a
        class="sc-AxheI bxwfqP"
        href="https://github.com/andy-h1"
        target="_blank"
      >
        <img
          alt="github"
          class="sc-Axmtr NwoaV"
          src="github.png"
        />
      </a>
      <a
        class="sc-AxheI bxwfqP"
        href="https://twitter.com/andyh_1_"
        target="_blank"
      >
        <img
          alt="twitter"
          class="sc-Axmtr NwoaV"
          src="twitter.svg"
        />
      </a>
      <a
        class="sc-AxheI bxwfqP"
        href="https://www.linkedin.com/in/andyhuynh1/"
        target="_blank"
      >
        <img
          alt="linkedin"
          class="sc-Axmtr NwoaV"
          src="linkedin.png"
        />
      </a>
    </div>
  </header>
  <div
    class="sc-fzpjYC UoHDI"
  >
    <div
      class="sc-fzoLag ooUgS"
    >
      <img
        alt="andy"
        class="sc-fzoXzr jjnUCR"
        src="profile.jpg"
      />
      <p
        class="sc-fznxsB CdAii"
      >
        Hey! Welcome to my website that I've built in React. Currently I am working as a tech recruiter at Deliveroo but hoping to create enough React projects to make the move over to becoming a dev.
      </p>
      <p
        class="sc-fznxsB CdAii"
      >
        I've had a very fruitful career so far, coming from a nursing background to becoming a recruiter and now looking to make my final move over to development where my interests lies. My end goal is to build something useful for the healthcare sector but in the meantime I'm honing my skills in everything front-end.
      </p>
    </div>
    <div
      class="sc-AxmLO cogIUM"
    >
      <h2
        class="sc-fzozJi fyTWVX"
      >
        Projects
      </h2>
      <a
        class="sc-fzoLsD dEaoDt"
        href="/weather"
      >
        <div
          class="sc-fzpans jLTkfj"
        >
          <h3
            class="sc-fzplWN deeuWP"
          >
            Weather App
          </h3>
          <p
            class="sc-fznyAO jJDWHw"
          >
            I built this weather app using OpenWeatherMap API to get the current weather data in your location. It has been built with React using styled-components.
          </p>
          <div
            class="sc-fznKkj eyhugD"
          >
            <ul
              class="sc-fzqNJr kWKaps"
            >
              <li
                class="sc-fzoyAV exCGxs"
              >
                react
              </li>
              <li
                class="sc-fzoyAV exCGxs"
              >
                styled-components
              </li>
              <li
                class="sc-fzoyAV exCGxs"
              >
                jest
              </li>
              <li
                class="sc-fzoyAV exCGxs"
              >
                react-testing-library
              </li>
            </ul>
          </div>
          <span
            class="sc-fznZeY bpLweZ"
          >
            <img
              alt="cloudy"
              class="sc-fzokOt eGDvdz"
              src="lightCloudsDay.png"
            />
          </span>
        </div>
      </a>
      <a
        class="sc-fzoLsD dEaoDt"
        href="/Form"
      >
        <div
          class="sc-fzpans jLTkfj"
        >
          <h3
            class="sc-fzplWN deeuWP"
          >
            Sign-Up Form
          </h3>
          <p
            class="sc-fznyAO jJDWHw"
          >
            I built this demo sign-up form, hooking the data entries to Firebase's cloud-based database - Firestore. It has been built with React, Firebase and styled-components.
          </p>
          <div
            class="sc-fznKkj eyhugD"
          >
            <ul
              class="sc-fzqNJr kWKaps"
            >
              <li
                class="sc-fzoyAV exCGxs"
              >
                react
              </li>
              <li
                class="sc-fzoyAV exCGxs"
              >
                styled-components
              </li>
              <li
                class="sc-fzoyAV exCGxs"
              >
                jest
              </li>
              <li
                class="sc-fzoyAV exCGxs"
              >
                react-testing-library
              </li>
            </ul>
          </div>
          <span
            class="sc-fznZeY bpLweZ"
          >
            <img
              alt="form"
              class="sc-fzqBZW dGXDRK"
              src="formImage.png"
            />
          </span>
        </div>
      </a>
    </div>
  </div>
</div>
`;
