// Jest Snapshot v1, https://goo.gl/fbAQLP

exports[`User Card component should render 1`] = `
<div
  class="sc-bdnylx bCvxhi"
>
  <div>
    <table
      class="sc-jSFkmK epQYqd"
    >
      <tbody>
        <tr>
          <th
            class="sc-gKAblj cma-DXQ"
          >
            Username:
          </th>
          <td
            class="sc-iCoHVE kZRoTo"
          >
            usernameTest
          </td>
        </tr>
        <tr>
          <th
            class="sc-gKAblj cma-DXQ"
          >
            Email:
          </th>
          <td
            class="sc-iCoHVE kZRoTo"
          >
            test@gmail.com
          </td>
        </tr>
        <tr>
          <th
            class="sc-gKAblj cma-DXQ"
          >
            Age:
          </th>
          <td
            class="sc-iCoHVE kZRoTo"
          >
            25
          </td>
        </tr>
      </tbody>
    </table>
    <span
      class="sc-hKFyIo inMSbV"
    >
      <button
        class="sc-eCApGN gVgkIF"
        type="button"
      >
        Edit
      </button>
      <button
        class="sc-eCApGN gVgkIF"
        type="button"
      >
        Delete
      </button>
    </span>
  </div>
</div>
`;
