// Jest Snapshot v1, https://goo.gl/fbAQLP

exports[`Project List Component should render 1`] = `
<div
  class="sc-AxjAm bfLLc"
>
  <h2>
    Projects
  </h2>
  <div
    class="sc-AxirZ gzBYRi"
  >
    <a
      class="sc-AxiKw UfQqe"
      href="/weather"
    >
      Weather App
    </a>
    <p
      class="sc-AxhCb dXMftt"
    >
      I built this weather app using OpenWeatherMap API to get the current weather data in your location. It has been built with React using styled-components.
    </p>
    <div
      class="sc-AxhUy gPETpu"
    >
      <ul
        class="sc-Axmtr iEWLzZ"
      >
        <li
          class="sc-AxmLO hHqwkm"
        >
          react
        </li>
        <li
          class="sc-AxmLO hHqwkm"
        >
          styled-components
        </li>
        <li
          class="sc-AxmLO hHqwkm"
        >
          jest
        </li>
        <li
          class="sc-AxmLO hHqwkm"
        >
          react-testing-library
        </li>
      </ul>
    </div>
    <a
      class="sc-AxgMl bgcSYW"
      href="/weather"
    >
      <img
        alt="cloudy"
        class="sc-AxheI enaueQ"
        src="lightCloudsDay.png"
      />
    </a>
  </div>
</div>
`;
