// Jest Snapshot v1, https://goo.gl/fbAQLP

exports[`Project List Component should render 1`] = `
<div
  class="sc-bdnylx hDHndV"
>
  <h2
    class="sc-gtssRu kxGmyu"
  >
    Projects
  </h2>
  <a
    class="sc-dlnjPT iOPFCG"
    href="/weather"
  >
    <div
      class="sc-hKFyIo ctUsAO"
    >
      <h3
        class="sc-eCApGN dRWiLv"
      >
        Weather App
      </h3>
      <p
        class="sc-jSFkmK ckCOxE"
      >
        I built this weather app using OpenWeatherMap API to get the current weather data in your location. It has been built with React using styled-components.
      </p>
      <div
        class="sc-gKAblj gXzKPF"
      >
        <ul
          class="sc-jrsJCI iMYrWP"
        >
          <li
            class="sc-kEqYlL bXljHU"
          >
            react
          </li>
          <li
            class="sc-kEqYlL bXljHU"
          >
            styled-components
          </li>
          <li
            class="sc-kEqYlL bXljHU"
          >
            jest
          </li>
          <li
            class="sc-kEqYlL bXljHU"
          >
            react-testing-library
          </li>
        </ul>
      </div>
      <span
        class="sc-iCoHVE edUa-dc"
      >
        <img
          alt="cloudy"
          class="sc-fujyUd sxsSW"
          src="lightCloudsDay.png"
        />
      </span>
    </div>
  </a>
  <a
    class="sc-dlnjPT iOPFCG"
    href="/Form"
  >
    <div
      class="sc-hKFyIo ctUsAO"
    >
      <h3
        class="sc-eCApGN dRWiLv"
      >
        Sign-Up Form
      </h3>
      <p
        class="sc-jSFkmK ckCOxE"
      >
        I built this demo sign-up form, hooking the data entries to Firebase's cloud-based database - Firestore. It has been built with React, Firebase and styled-components.
      </p>
      <div
        class="sc-gKAblj gXzKPF"
      >
        <ul
          class="sc-jrsJCI iMYrWP"
        >
          <li
            class="sc-kEqYlL bXljHU"
          >
            react
          </li>
          <li
            class="sc-kEqYlL bXljHU"
          >
            styled-components
          </li>
          <li
            class="sc-kEqYlL bXljHU"
          >
            jest
          </li>
          <li
            class="sc-kEqYlL bXljHU"
          >
            react-testing-library
          </li>
        </ul>
      </div>
      <span
        class="sc-iCoHVE edUa-dc"
      >
        <img
          alt="form"
          class="sc-pNWxx bxdWZW"
          src="formImage.png"
        />
      </span>
    </div>
  </a>
</div>
`;
